// Jest Snapshot v1, https://goo.gl/fbAQLP

exports[`Report Controller Post /deals should return extended report when query type is "extended" 1`] = `
{
  "deals": [
    {
      "percent": -0.007445928377260325,
      "purchase": {
        "commission": 4.62,
        "date": "2021-06-07T08:48:21.000Z",
        "price": 35.53,
        "rate": 44,
        "sum": 923.78,
        "uah": 40951.24,
      },
      "quantity": 26,
      "sale": {
        "commission": 2.31,
        "date": "2021-06-07T08:48:21.000Z",
        "price": 35.53,
        "rate": 44,
        "sum": 923.78,
        "uah": 40646.32,
      },
      "ticker": "FIPO",
      "total": -304.91999999999825,
    },
    {
      "percent": -0.031465987631866144,
      "purchase": {
        "commission": 1.73,
        "date": "2021-06-11T15:41:12.000Z",
        "price": 10.65,
        "rate": 44,
        "sum": 106.5,
        "uah": 4838.24,
      },
      "quantity": 10,
      "sale": {
        "commission": 1.73,
        "date": "2021-06-10T15:41:12.000Z",
        "price": 10.65,
        "rate": 44,
        "sum": 106.5,
        "uah": 4686,
      },
      "ticker": "GOOGL",
      "total": -152.23999999999978,
    },
    {
      "percent": -0.0625,
      "purchase": {
        "commission": 7.75,
        "date": "2021-06-10T11:06:17.000Z",
        "price": 155,
        "rate": 44,
        "sum": 155,
        "uah": 7274.666666666667,
      },
      "quantity": 1,
      "sale": {
        "commission": 2.5833333333333335,
        "date": "2021-10-10T11:06:17.000Z",
        "price": 155,
        "rate": 44,
        "sum": 155,
        "uah": 6820,
      },
      "ticker": "MNDY_IPO",
      "total": -454.66666666666697,
    },
    {
      "percent": -0.0382626680455016,
      "purchase": {
        "commission": 7.75,
        "date": "2021-07-10T11:06:17.000Z",
        "price": 156,
        "rate": 44,
        "sum": 468,
        "uah": 21274,
      },
      "quantity": 3,
      "sale": {
        "commission": 7.75,
        "date": "2021-10-10T11:06:17.000Z",
        "price": 155,
        "rate": 44,
        "sum": 465,
        "uah": 20460,
      },
      "ticker": "MNDY_IPO",
      "total": -814,
    },
    {
      "percent": -0.09620991253644318,
      "purchase": {
        "commission": 7.75,
        "date": "2021-07-10T11:06:17.000Z",
        "price": 156,
        "rate": 44,
        "sum": 156,
        "uah": 7546,
      },
      "quantity": 1,
      "sale": {
        "commission": 7.75,
        "date": "2021-11-10T12:06:17.000Z",
        "price": 155,
        "rate": 44,
        "sum": 155,
        "uah": 6820,
      },
      "ticker": "MNDY_IPO",
      "total": -726,
    },
    {
      "percent": -0.028919654119113125,
      "purchase": {
        "commission": 1.73,
        "date": "2021-06-10T15:41:12.000Z",
        "price": 10.65,
        "rate": 44,
        "sum": 106.5,
        "uah": 4825.553333333333,
      },
      "quantity": 10,
      "sale": {
        "commission": 1.4416666666666667,
        "date": "2021-06-10T15:41:12.000Z",
        "price": 10.65,
        "rate": 44,
        "sum": 106.5,
        "uah": 4686,
      },
      "ticker": "RIDE",
      "total": -139.55333333333328,
    },
    {
      "percent": -0.08655564291330131,
      "purchase": {
        "commission": 1.73,
        "date": "2021-06-10T15:41:12.000Z",
        "price": 10.65,
        "rate": 44,
        "sum": 21.3,
        "uah": 1026.0066666666667,
      },
      "quantity": 2,
      "sale": {
        "commission": 0.28833333333333333,
        "date": "2021-06-10T15:41:12.000Z",
        "price": 10.65,
        "rate": 44,
        "sum": 21.3,
        "uah": 937.2,
      },
      "ticker": "RIDE",
      "total": -88.80666666666662,
    },
    {
      "percent": -0.030674846625766916,
      "purchase": {
        "commission": 1.75,
        "date": "2021-06-10T13:30:00.000Z",
        "price": 11.06,
        "rate": 44,
        "sum": 110.60000000000001,
        "uah": 5020.400000000001,
      },
      "quantity": 10,
      "sale": {
        "commission": 1.75,
        "date": "2021-06-10T13:30:00.000Z",
        "price": 11.06,
        "rate": 44,
        "sum": 110.60000000000001,
        "uah": 4866.400000000001,
      },
      "ticker": "WISH",
      "total": -154,
    },
  ],
  "total": -2834.1866666666647,
  "totalMilitaryFee": 0,
  "totalTaxFee": 0,
}
`;

exports[`Report Controller Post /deals should return short report when query type is empty 1`] = `
{
  "deals": [
    {
      "percent": 0.05947617315387421,
      "purchase": {
        "commission": 1.73,
        "date": "2021-06-10T15:41:12.000Z",
        "price": 10.65,
        "rate": 44,
        "sum": 106.5,
        "uah": 4838.24,
      },
      "quantity": 10,
      "sale": {
        "commission": 1.73,
        "date": "2021-06-10T15:41:12.000Z",
        "price": 10.65,
        "rate": 44,
        "sum": 106.5,
        "uah": 5126,
      },
      "ticker": "APPL",
      "total": 287.7600000000002,
    },
  ],
  "total": 287.7600000000002,
  "totalMilitaryFee": 4.316400000000003,
  "totalTaxFee": 51.79680000000004,
}
`;
