// Jest Snapshot v1, https://goo.gl/fbAQLP

exports[`Normalize Report Service getReportByStockExchange should return normalize report when stockExchange is freedom finance 1`] = `
{
  "dateStart": "2021-01-01",
  "trades": [
    {
      "commission": 0,
      "curr_c": "USD",
      "date": "2021-01-01",
      "instr_nm": "AAPL",
      "operation": "buy",
      "p": 100,
      "q": 1,
    },
  ],
}
`;
